[20:27:30.976] [INFO] storybook v10.5.10
[20:27:32.292] [DEBUG] Getting package.json info for /home/user/val/packages/ui/package.json...
[20:27:34.465] [INFO] Starting...
[20:27:34.664] [DEBUG] Starting preview..
[20:27:34.802] [WARN] 🚨 Unable to index files:
- ./spa/components/HistoryPanes.stories.tsx,./spa/history/HistoryPane.stories.tsx: Duplicate stories with id: history-two-pane-studio--schema-changed
- ./spa/components/HistoryPanes.stories.tsx,./spa/history/HistoryPane.stories.tsx: Duplicate stories with id: history-two-pane-studio--mobile
[20:27:34.805] [ERROR] Failed to build the preview
[20:27:34.810] [ERROR] Error: [38;2;241;97;97mUnable to index files:
- ./spa/components/HistoryPanes.stories.tsx,./spa/history/HistoryPane.stories.tsx: Duplicate stories with id: history-two-pane-studio--schema-changed
- ./spa/components/HistoryPanes.stories.tsx,./spa/history/HistoryPane.stories.tsx: Duplicate stories with id: history-two-pane-studio--mobile[39m
    at _StoryIndexGenerator.getIndexAndStats (file:///home/user/val/node_modules/.pnpm/storybook@10.5.10_@types+react@19.2.18_prettier@3.9.6_react@19.2.8/node_modules/storybook/dist/core-server/index.js:19426:15)
    at async _StoryIndexGenerator.getIndex (file:///home/user/val/node_modules/.pnpm/storybook@10.5.10_@types+react@19.2.18_prettier@3.9.6_react@19.2.8/node_modules/storybook/dist/core-server/index.js:19405:13)
    at async BasicMinimalPluginContext.config (file:///home/user/val/node_modules/.pnpm/@storybook+builder-vite@10.5.10_esbuild@0.28.2_rollup@4.63.1_storybook@10.5.10_@types+r_2f36760fba7b2f0a00da693dfab4f49c/node_modules/@storybook/builder-vite/dist/_node-chunks/chunk-I2LYMCPD.js:188:19)
    at async runConfigHook (file:///home/user/val/node_modules/.pnpm/vite@8.2.2_@types+node@26.4.0_esbuild@0.28.2_jiti@1.21.7_less@4.5.1_terser@5.46.0_tsx@4.23.12_yaml@2.9.0/node_modules/vite/dist/node/chunks/node.js:37193:15)
    at async resolveConfig (file:///home/user/val/node_modules/.pnpm/vite@8.2.2_@types+node@26.4.0_esbuild@0.28.2_jiti@1.21.7_less@4.5.1_terser@5.46.0_tsx@4.23.12_yaml@2.9.0/node_modules/vite/dist/node/chunks/node.js:36606:11)
    at async _createServer (file:///home/user/val/node_modules/.pnpm/vite@8.2.2_@types+node@26.4.0_esbuild@0.28.2_jiti@1.21.7_less@4.5.1_terser@5.46.0_tsx@4.23.12_yaml@2.9.0/node_modules/vite/dist/node/chunks/node.js:26388:65)
    at async Module.start (file:///home/user/val/node_modules/.pnpm/@storybook+builder-vite@10.5.10_esbuild@0.28.2_rollup@4.63.1_storybook@10.5.10_@types+r_2f36760fba7b2f0a00da693dfab4f49c/node_modules/@storybook/builder-vite/dist/index.js:1621:17)
    at async storybookDevServer (file:///home/user/val/node_modules/.pnpm/storybook@10.5.10_@types+react@19.2.18_prettier@3.9.6_react@19.2.8/node_modules/storybook/dist/core-server/index.js:11225:59)
    at async buildOrThrow (file:///home/user/val/node_modules/.pnpm/storybook@10.5.10_@types+react@19.2.18_prettier@3.9.6_react@19.2.8/node_modules/storybook/dist/core-server/index.js:8331:12)
    at async buildDevStandalone (file:///home/user/val/node_modules/.pnpm/storybook@10.5.10_@types+react@19.2.18_prettier@3.9.6_react@19.2.8/node_modules/storybook/dist/core-server/index.js:11990:41)
[20:27:34.816] [WARN] Broken build, fix the error above.
You may need to refresh the browser.